******************************************************************************
                  TI ARM Linker PC v18.1.5                     
******************************************************************************
>> Linked Wed Jul  3 16:59:46 2019

OUTPUT FILE NAME:   <Test1.out>
ENTRY POINT SYMBOL: "_c_int00_noargs"  address: 000005cd


MEMORY CONFIGURATION

         name            origin    length      used     unused   attr    fill
----------------------  --------  ---------  --------  --------  ----  --------
  MAIN                  00000000   00040000  000006ac  0003f954  R  X
  INFO                  00200000   00004000  00000000  00004000  R  X
  SRAM_CODE             01000000   00010000  00000210  0000fdf0  RW X
  SRAM_DATA             20000000   00010000  00000210  0000fdf0  RW  


SEGMENT ALLOCATION MAP

run origin  load origin   length   init length attrs members
----------  ----------- ---------- ----------- ----- -------
00000000    00000000    000006ac   000006ac    r-x
  00000000    00000000    000000e4   000000e4    r-- .intvecs
  000000e4    000000e4    000005a4   000005a4    r-x .text
  00000688    00000688    00000024   00000024    r-- .cinit
20000000    20000000    00000010   00000000    rw-
  20000000    20000000    00000010   00000000    rw- .data
2000fe00    2000fe00    00000200   00000000    rw-
  2000fe00    2000fe00    00000200   00000000    rw- .stack


SECTION ALLOCATION MAP

 output                                  attributes/
section   page    origin      length       input sections
--------  ----  ----------  ----------   ----------------
.intvecs   0    00000000    000000e4     
                  00000000    000000e4     startup_msp432p401r_ccs.obj (.intvecs:retain)

.text      0    000000e4    000005a4     
                  000000e4    00000334     system_msp432p401r.obj (.text)
                  00000418    0000009c     rtsv7M4_T_le_v4SPD16_eabi.lib : memcpy_t2.asm.obj (.text)
                  000004b4    0000006c     main.obj (.text)
                  00000520    00000068     rtsv7M4_T_le_v4SPD16_eabi.lib : copy_decompress_lzss.c.obj (.text:decompress:lzss:__TI_decompress_lzss)
                  00000588    00000044                                   : autoinit.c.obj (.text:__TI_auto_init_nobinit_nopinit:__TI_auto_init_nobinit_nopinit)
                  000005cc    00000038                                   : boot_cortex_m.c.obj (.text:_c_int00_noargs:_c_int00_noargs)
                  00000604    00000034                                   : rand.c.obj (.text:rand)
                  00000638    0000002a     Num.obj (.text)
                  00000662    0000000e     rtsv7M4_T_le_v4SPD16_eabi.lib : copy_decompress_none.c.obj (.text:decompress:none:__TI_decompress_none)
                  00000670    0000000e     startup_msp432p401r_ccs.obj (.text)
                  0000067e    00000004     rtsv7M4_T_le_v4SPD16_eabi.lib : pre_init.c.obj (.text:_system_pre_init)
                  00000682    00000004                                   : exit.c.obj (.text:abort:abort)
                  00000686    00000002                                   : _lock.c.obj (.text:_nop)

.cinit     0    00000688    00000024     
                  00000688    00000013     (.cinit..data.load) [load image, compression = lzss]
                  0000069b    00000001     --HOLE-- [fill = 0]
                  0000069c    00000008     (__TI_handler_table)
                  000006a4    00000008     (__TI_cinit_table)

.init_array 
*          0    00000000    00000000     UNINITIALIZED

.binit     0    00000000    00000000     

.data      0    20000000    00000010     UNINITIALIZED
                  20000000    00000008     rtsv7M4_T_le_v4SPD16_eabi.lib : _lock.c.obj (.data:$O1$$)
                  20000008    00000004                                   : rand.c.obj (.data)
                  2000000c    00000004     system_msp432p401r.obj (.data)

.stack     0    2000fe00    00000200     UNINITIALIZED
                  2000fe00    00000004     rtsv7M4_T_le_v4SPD16_eabi.lib : boot_cortex_m.c.obj (.stack)
                  2000fe04    000001fc     --HOLE--

MODULE SUMMARY

       Module                        code   ro data   rw data
       ------                        ----   -------   -------
    .\
       system_msp432p401r.obj        820    0         8      
       startup_msp432p401r_ccs.obj   14     228       0      
       main.obj                      108    0         0      
       Num.obj                       42     0         0      
    +--+-----------------------------+------+---------+---------+
       Total:                        984    228       8      
                                                             
    C:\ti\ccv8\ccsv8\tools\compiler\ti-cgt-arm_18.1.5.LTS\lib\rtsv7M4_T_le_v4SPD16_eabi.lib
       memcpy_t2.asm.obj             156    0         0      
       copy_decompress_lzss.c.obj    104    0         0      
       autoinit.c.obj                68     0         0      
       rand.c.obj                    52     0         8      
       boot_cortex_m.c.obj           56     0         0      
       _lock.c.obj                   2      0         16     
       copy_decompress_none.c.obj    14     0         0      
       exit.c.obj                    4      0         0      
       pre_init.c.obj                4      0         0      
    +--+-----------------------------+------+---------+---------+
       Total:                        460    0         24     
                                                             
       Stack:                        0      0         1024   
       Linker Generated:             0      35        0      
    +--+-----------------------------+------+---------+---------+
       Grand Total:                  1444   263       1056   


LINKER GENERATED COPY TABLES

__TI_cinit_table @ 000006a4 records: 1, size/record: 8, table size: 8
	.data: load addr=00000688, load size=00000013 bytes, run addr=20000000, run size=00000010 bytes, compression=lzss


LINKER GENERATED HANDLER TABLE

__TI_handler_table @ 0000069c records: 2, size/record: 4, table size: 8
	index: 0, handler: __TI_decompress_lzss
	index: 1, handler: __TI_decompress_none


GLOBAL SYMBOLS: SORTED ALPHABETICALLY BY Name 

address   name                          
-------   ----                          
0000067d  ADC14_IRQHandler              
0000067d  AES256_IRQHandler             
0000067d  BusFault_Handler              
00000683  C$$EXIT                       
0000067d  COMP_E0_IRQHandler            
0000067d  COMP_E1_IRQHandler            
0000067d  CS_IRQHandler                 
0000067d  DMA_ERR_IRQHandler            
0000067d  DMA_INT0_IRQHandler           
0000067d  DMA_INT1_IRQHandler           
0000067d  DMA_INT2_IRQHandler           
0000067d  DMA_INT3_IRQHandler           
0000067d  DebugMon_Handler              
0000067d  Default_Handler               
0000067d  EUSCIA0_IRQHandler            
0000067d  EUSCIA1_IRQHandler            
0000067d  EUSCIA2_IRQHandler            
0000067d  EUSCIA3_IRQHandler            
0000067d  EUSCIB0_IRQHandler            
0000067d  EUSCIB1_IRQHandler            
0000067d  EUSCIB2_IRQHandler            
0000067d  EUSCIB3_IRQHandler            
0000067d  FLCTL_IRQHandler              
0000067d  FPU_IRQHandler                
0000067d  HardFault_Handler             
0000067d  MemManage_Handler             
0000067d  NMI_Handler                   
0000067d  PCM_IRQHandler                
0000067d  PORT1_IRQHandler              
0000067d  PORT2_IRQHandler              
0000067d  PORT3_IRQHandler              
0000067d  PORT4_IRQHandler              
0000067d  PORT5_IRQHandler              
0000067d  PORT6_IRQHandler              
0000067d  PSS_IRQHandler                
0000067d  PendSV_Handler                
0000067d  RTC_C_IRQHandler              
00000671  Reset_Handler                 
0000067d  SVC_Handler                   
0000067d  SysTick_Handler               
2000000c  SystemCoreClock               
000000e5  SystemCoreClockUpdate         
0000035d  SystemInit                    
0000067d  T32_INT1_IRQHandler           
0000067d  T32_INT2_IRQHandler           
0000067d  T32_INTC_IRQHandler           
0000067d  TA0_0_IRQHandler              
0000067d  TA0_N_IRQHandler              
0000067d  TA1_0_IRQHandler              
0000067d  TA1_N_IRQHandler              
0000067d  TA2_0_IRQHandler              
0000067d  TA2_N_IRQHandler              
0000067d  TA3_0_IRQHandler              
0000067d  TA3_N_IRQHandler              
0000067d  UsageFault_Handler            
4000480c  WDTCTL_SYM                    
0000067d  WDT_A_IRQHandler              
0000064d  _ZN3Num6getNumEi              
00000639  _ZN3NumC1Ei                   
00000639  _ZN3NumC2Ei                   
20010000  __STACK_END                   
00000200  __STACK_SIZE                  
000006a4  __TI_CINIT_Base               
000006ac  __TI_CINIT_Limit              
0000069c  __TI_Handler_Table_Base       
000006a4  __TI_Handler_Table_Limit      
00000589  __TI_auto_init_nobinit_nopinit
00000521  __TI_decompress_lzss          
00000663  __TI_decompress_none          
ffffffff  __TI_pprof_out_hndl           
ffffffff  __TI_prof_data_size           
ffffffff  __TI_prof_data_start          
00000000  __TI_static_base__            
00000419  __aeabi_memcpy                
00000419  __aeabi_memcpy4               
00000419  __aeabi_memcpy8               
ffffffff  __binit__                     
ffffffff  __c_args__                    
UNDEFED   __mpu_init                    
2000fe00  __stack                       
000005cd  _c_int00_noargs               
20000000  _lock                         
00000687  _nop                          
UNDEFED   _system_post_cinit            
0000067f  _system_pre_init              
20000004  _unlock                       
00000683  abort                         
ffffffff  binit                         
00000000  interruptVectors              
000004b5  main                          
00000419  memcpy                        
00000605  rand                          


GLOBAL SYMBOLS: SORTED BY Symbol Address 

address   name                          
-------   ----                          
00000000  __TI_static_base__            
00000000  interruptVectors              
000000e5  SystemCoreClockUpdate         
00000200  __STACK_SIZE                  
0000035d  SystemInit                    
00000419  __aeabi_memcpy                
00000419  __aeabi_memcpy4               
00000419  __aeabi_memcpy8               
00000419  memcpy                        
000004b5  main                          
00000521  __TI_decompress_lzss          
00000589  __TI_auto_init_nobinit_nopinit
000005cd  _c_int00_noargs               
00000605  rand                          
00000639  _ZN3NumC1Ei                   
00000639  _ZN3NumC2Ei                   
0000064d  _ZN3Num6getNumEi              
00000663  __TI_decompress_none          
00000671  Reset_Handler                 
0000067d  ADC14_IRQHandler              
0000067d  AES256_IRQHandler             
0000067d  BusFault_Handler              
0000067d  COMP_E0_IRQHandler            
0000067d  COMP_E1_IRQHandler            
0000067d  CS_IRQHandler                 
0000067d  DMA_ERR_IRQHandler            
0000067d  DMA_INT0_IRQHandler           
0000067d  DMA_INT1_IRQHandler           
0000067d  DMA_INT2_IRQHandler           
0000067d  DMA_INT3_IRQHandler           
0000067d  DebugMon_Handler              
0000067d  Default_Handler               
0000067d  EUSCIA0_IRQHandler            
0000067d  EUSCIA1_IRQHandler            
0000067d  EUSCIA2_IRQHandler            
0000067d  EUSCIA3_IRQHandler            
0000067d  EUSCIB0_IRQHandler            
0000067d  EUSCIB1_IRQHandler            
0000067d  EUSCIB2_IRQHandler            
0000067d  EUSCIB3_IRQHandler            
0000067d  FLCTL_IRQHandler              
0000067d  FPU_IRQHandler                
0000067d  HardFault_Handler             
0000067d  MemManage_Handler             
0000067d  NMI_Handler                   
0000067d  PCM_IRQHandler                
0000067d  PORT1_IRQHandler              
0000067d  PORT2_IRQHandler              
0000067d  PORT3_IRQHandler              
0000067d  PORT4_IRQHandler              
0000067d  PORT5_IRQHandler              
0000067d  PORT6_IRQHandler              
0000067d  PSS_IRQHandler                
0000067d  PendSV_Handler                
0000067d  RTC_C_IRQHandler              
0000067d  SVC_Handler                   
0000067d  SysTick_Handler               
0000067d  T32_INT1_IRQHandler           
0000067d  T32_INT2_IRQHandler           
0000067d  T32_INTC_IRQHandler           
0000067d  TA0_0_IRQHandler              
0000067d  TA0_N_IRQHandler              
0000067d  TA1_0_IRQHandler              
0000067d  TA1_N_IRQHandler              
0000067d  TA2_0_IRQHandler              
0000067d  TA2_N_IRQHandler              
0000067d  TA3_0_IRQHandler              
0000067d  TA3_N_IRQHandler              
0000067d  UsageFault_Handler            
0000067d  WDT_A_IRQHandler              
0000067f  _system_pre_init              
00000683  C$$EXIT                       
00000683  abort                         
00000687  _nop                          
0000069c  __TI_Handler_Table_Base       
000006a4  __TI_CINIT_Base               
000006a4  __TI_Handler_Table_Limit      
000006ac  __TI_CINIT_Limit              
20000000  _lock                         
20000004  _unlock                       
2000000c  SystemCoreClock               
2000fe00  __stack                       
20010000  __STACK_END                   
4000480c  WDTCTL_SYM                    
ffffffff  __TI_pprof_out_hndl           
ffffffff  __TI_prof_data_size           
ffffffff  __TI_prof_data_start          
ffffffff  __binit__                     
ffffffff  __c_args__                    
ffffffff  binit                         
UNDEFED   __mpu_init                    
UNDEFED   _system_post_cinit            

[92 symbols]
